Length: 63
Content:
<script>
function test() {
    console.log("test");
}
</script>